python : Using existing test database for alias 'default'...
En línea: 1 Carácter: 68
+ ... ivate.ps1 ; python manage.py test canchas negocio 
usuarios --keepdb > ...
+                 
~~~~~~~~~~~~~~~~~~~~~~~~~~~~~~~~~~~~~~~~~~~~~~~~~~~~~~~~~
    + CategoryInfo          : NotSpecified: (Using existing  
   ...as 'default'...:String) [], RemoteException
    + FullyQualifiedErrorId : NativeCommandError
 

D:\Proyecto Gosport\gosportpy\venv\Lib\site-packages\django\c
ore\handlers\base.py:62: UserWarning: No directory at: 
D:\Proyecto Gosport\gosportpy\staticfiles\
  mw_instance = middleware(adapted_handler)
